"a├дbц╝в,aгдbцЁв!" == "a├дbц╝в,aгдbцЁв!" (12)
"b,a"
"A ■Б  B": 7 != 2
