preserve$dollars$$ escape$$dollars$$$$: make-deps.asm
