; File generated by rgbasm

; Numeric constants
def constant equ $6

; Variables
def variable = $5

; String constants
def string equs "four"

; Character maps
newcharmap main
charmap "char", $2, $3

; Macros
macro one
!@#$%^&* /* anything */ :'<,>./? ; goes!
endm
