error: cascading-errors-fatal-assert.asm(1): Undefined symbol "UnknownSymbol"
FATAL: cascading-errors-fatal-assert.asm(1): Failed to evaluate assertion
Linking aborted with 2 errors
