error: script-unknown-section.link(2): Undefined section "Wheeee"
Linking failed with 1 error
