error: sym-noexist.asm(3): Undefined symbol "nothing"
error: sym-noexist.asm(2): Undefined symbol "where"
Linking failed with 2 errors
