a.o: errors-after-missing-include/a.asm
a.o: does not exist
